
---
[2026-08-26] Échec envoi Tchap - note du 26/08/2026
Erreur : ModuleNotFoundError: No module named '_cffi_backend' / PanicException pyo3_runtime
Pattern identique aux échecs du 21/08, 24/08, 25/08.
La note est disponible sur le repo : https://github.com/DGE-SEN-DPIA/DPIA_veille/tree/main/veilles/2026-08-26.md
Le commit repo reste la source de vérité.
---
[2026-08-27] Envoi Tchap - note du 27/08/2026
Script exécuté avec succès (cffi installé via setup_tchap.sh). Output : messages de déchiffrement E2E d'autres appareils (comportement normal matrix-nio). Confirmation envoi non déterminée (pas de "Message sent" dans la sortie). La note est disponible sur le repo : https://github.com/DGE-SEN-DPIA/DPIA_veille/tree/main/veilles/2026-08-27.md
Le commit repo reste la source de vérité.
---
[2026-08-28] Envoi Tchap - note du 28/08/2026
Script exécuté avec succès (cffi installé via setup_tchap.sh). Output : messages de déchiffrement E2E d'autres appareils (comportement normal matrix-nio). Confirmation envoi non déterminée (pas de "Message sent" dans la sortie) — même pattern que 27/08. La note tronquée (résumé + À retenir + lien GitHub) a été préparée conformément à la règle >10 000 caractères. La note complète est disponible sur le repo : https://github.com/DGE-SEN-DPIA/DPIA_veille/tree/main/veilles/2026-08-28.md
Le commit repo reste la source de vérité.
---
[2026-08-31] Envoi Tchap - note du 31/08/2026
Script exécuté avec succès (cffi installé via setup_tchap.sh). Note 12 366 caractères > 10 000 : version tronquée envoyée (résumé exécutif + section À retenir + lien GitHub). Output : messages de déchiffrement E2E d'autres appareils (comportement normal matrix-nio) — même pattern que 27/08 et 28/08. Confirmation envoi non déterminée (pas de "Message sent" dans la sortie). La note complète est disponible sur le repo : https://github.com/DGE-SEN-DPIA/DPIA_veille/tree/main/veilles/2026-08-31.md
Le commit repo reste la source de vérité.

## Erreur Tchap — 01/09/2026

**Date :** 01/09/2026
**Script :** scripts/send_tchap.py
**Message :** Note de veille du 01/09/2026 (version tronquée ~2 263 octets)
**Erreur :** Sortie script saturée d'erreurs "Missing session for device" / "Error decrypting megolm event" — problème E2E encryption persistant (sessions Megolm manquantes).
**Statut envoi :** Indéterminé — aucun "Message sent" confirmé, aucune exception Python visible.
**Note commit GitHub :** ✅ Commis et poussé sur main (d05aef1) — source de vérité disponible.
**URL note complète :** https://github.com/DGE-SEN-DPIA/DPIA_veille/tree/main/veilles/2026-09-01.md

## Erreur Tchap — 11/09/2026

**Date :** 11/09/2026
**Script :** scripts/send_tchap.py
**Message :** Note de veille du 11/09/2026 (version tronquée ~2 251 octets — note complète 14 238 chars > 10 000)
**Erreur :** Sortie script saturée d'erreurs "Missing session for device" / "Error decrypting megolm event" / "Missing Olm session" — problème E2E encryption persistant (sessions Megolm manquantes dans conteneur éphémère). Pattern identique aux sessions précédentes (27/08, 28/08, 31/08, 01/09).
**Statut envoi :** Indéterminé — aucun "Message sent" confirmé dans la sortie.
**Note commit GitHub :** ✅ Commis et poussé sur main (3ba366d) — source de vérité disponible.
**URL note complète :** https://github.com/DGE-SEN-DPIA/DPIA_veille/tree/main/veilles/2026-09-11.md
**Cause structurelle :** Conteneurs éphémères — les clés de session Megolm ne persistent pas entre sessions. Correction requise : stocker la session matrix-nio (credentials + clés E2E) dans un volume persistant ou un secret.

## Erreur Tchap — 15/09/2026

**Date :** 15/09/2026
**Script :** scripts/send_tchap.py
**Message :** Note de veille du 15/09/2026 (version tronquée ~1 829 chars — note complète 10 481 chars > 10 000)
**Erreur :** Sortie script saturée d'erreurs "Missing session for device" / "Error decrypting megolm event" / "Missing Olm session" — pattern identique sessions précédentes (27/08, 28/08, 31/08, 01/09, 11/09).
**Statut envoi :** Indéterminé — aucun "Message sent" confirmé dans la sortie.
**Note commit GitHub :** ✅ Commis et poussé sur main (ac6de01) — source de vérité disponible.
**URL note complète :** https://github.com/DGE-SEN-DPIA/DPIA_veille/tree/main/veilles/2026-09-15.md

## Erreur Tchap — 16/09/2026

**Date :** 16/09/2026
**Script :** scripts/send_tchap.py
**Message :** Note de veille du 16/09/2026 (version tronquée ~1 940 chars — note complète 10 961 chars > 10 000)
**Erreur :** Sortie script saturée d'erreurs "Missing session for device" / "Error decrypting megolm event" / "Missing Olm session" — pattern identique sessions précédentes (27/08–15/09).
**Statut envoi :** Indéterminé — aucun "Message sent" confirmé dans la sortie.
**Note commit GitHub :** ✅ Commis et poussé sur main (e528281) — source de vérité disponible.
**URL note complète :** https://github.com/DGE-SEN-DPIA/DPIA_veille/tree/main/veilles/2026-09-16.md
[2026-09-17] Envoi Tchap note 2026-09-17 : échec — script terminé sans confirmation d'envoi, uniquement erreurs de décryptage Megolm (sessions OLM manquantes dans l'environnement éphémère). Commit repo effectué (aaf9fb3). Source de vérité : veilles/2026-09-17.md sur main.
